// Jest Snapshot v1, https://goo.gl/fbAQLP

exports[`basic snapshot 1`] = `
.c2 {
  margin: 0.9375rem 0;
}

.c3 {
  -webkit-font-smoothing: antialiased;
  color: #737373;
  display: block;
  font-family: "Source Sans Pro","Helvetica Neue",Helvetica,sans-serif;
  font-size: 14px;
  line-height: 1.25;
  margin: 0 0 0.625rem;
}

.c0 {
  display: -webkit-box;
  display: -webkit-flex;
  display: -ms-flexbox;
  display: flex;
  -webkit-flex-wrap: wrap;
  -ms-flex-wrap: wrap;
  flex-wrap: wrap;
  -webkit-box-pack: justify;
  -webkit-justify-content: space-between;
  -ms-flex-pack: justify;
  justify-content: space-between;
}

.c1 {
  -webkit-flex: 1 1 100%;
  -ms-flex: 1 1 100%;
  flex: 1 1 100%;
}

.c4 {
  -webkit-flex: 1 1 100%;
  -ms-flex: 1 1 100%;
  flex: 1 1 100%;
}

.c5 {
  display: block;
  margin: 0.9375rem 0;
  width: 100%;
}

@media (min-width:600px) {
  .c4 {
    -webkit-flex: 0 1 calc(50% - 9px);
    -ms-flex: 0 1 calc(50% - 9px);
    flex: 0 1 calc(50% - 9px);
  }
}

@media (min-width:600px) {
  .c5 {
    display: -webkit-box;
    display: -webkit-flex;
    display: -ms-flexbox;
    display: flex;
    -webkit-box-pack: end;
    -webkit-justify-content: flex-end;
    -ms-flex-pack: end;
    justify-content: flex-end;
  }
}

<div
  className={null}
  style={Object {}}
>
  <div
    className="c0"
  >
    <div
      className="c1"
    >
      <div
        className="required c2"
      >
        <label
          className="c3"
          htmlFor={undefined}
        >
          Country
        </label>
        <Select Input
          isSearchable={true}
          name="country"
          onChange={[Function]}
          options={undefined}
          placeholder="Country"
          value=""
        />
      </div>
    </div>
    <div
      className="c4"
    >
      <div
        className="required c2"
      >
        <label
          className="c3"
          htmlFor={undefined}
        >
          First Name
        </label>
        <Text Input
          name="firstName"
          placeholder="First Name"
          value=""
        />
      </div>
    </div>
    <div
      className="c4"
    >
      <div
        className="required c2"
      >
        <label
          className="c3"
          htmlFor={undefined}
        >
          Last Name
        </label>
        <Text Input
          name="lastName"
          placeholder="Last Name"
          value=""
        />
      </div>
    </div>
    <div
      className="c1"
    >
      <div
        className="required c2"
      >
        <label
          className="c3"
          htmlFor={undefined}
        >
          Address
        </label>
        <Text Input
          name="address1"
          placeholder="Address"
          value=""
        />
      </div>
    </div>
    <div
      className="c1"
    >
      <div
        className="c2"
      >
        <label
          className="c3"
          htmlFor={undefined}
        >
          Address
        </label>
        <Text Input
          name="address2"
          placeholder="Address"
          value=""
        />
      </div>
    </div>
    <div
      className="c1"
    >
      <div
        className="c2"
      >
        <label
          className="c3"
          htmlFor={undefined}
        >
          City
        </label>
        <Text Input
          name="city"
          placeholder="City"
          value=""
        />
      </div>
    </div>
    <div
      className="c4"
    >
      <div
        className="required c2"
      >
        <label
          className="c3"
          htmlFor={undefined}
        >
          Region
        </label>
        <Text Input
          name="region"
          placeholder="Region"
          value=""
        />
      </div>
    </div>
    <div
      className="c4"
    >
      <div
        className="required c2"
      >
        <label
          className="c3"
          htmlFor={undefined}
        >
          Postal Code
        </label>
        <Text Input
          name="postal"
          placeholder="Postal Code"
          value=""
        />
      </div>
    </div>
    <div
      className="c1"
    >
      <div
        className="required c2"
      >
        <label
          className="c3"
          htmlFor={undefined}
        >
          Phone
        </label>
        <Phone Input
          name="phone"
          placeholder="Phone"
          value=""
        />
      </div>
    </div>
  </div>
  <div
    className="c5"
  >
    <Button
      isFullWidth={true}
      isShortHeight={true}
      onClick={[Function]}
    >
      Save and continue
    </Button>
  </div>
</div>
`;
