// Jest Snapshot v1, https://goo.gl/fbAQLP

exports[`basic snapshot 1`] = `
.c0 {
  background-color: #ffffff;
}

.c0:focus {
  background-color: #5e7480;
}

<input
  className="c0"
  maxLength={undefined}
  name={undefined}
  onBlur={[Function]}
  onChange={[Function]}
  onKeyPress={[Function]}
  placeholder={undefined}
  readOnly={false}
  type="text"
  value=""
/>
`;
