// Jest Snapshot v1, https://goo.gl/fbAQLP

exports[`basic snapshot 1`] = `
.c0 fieldset {
  border-top: 1px solid #e6e6e6;
  border-left: 1px solid #e6e6e6;
  border-right: 1px solid #e6e6e6;
  border-bottom: none;
  border-radius: 2px;
  padding: 0;
}

.c0 .wrapper {
  border-bottom: 1px solid #e6e6e6;
  padding-left: 10px;
  padding-right: 10px;
}

<div
  className="c0"
>
  <legend>
    Legend
  </legend>
  <fieldset>
    <div
      className="wrapper"
    >
      SelectableItem(undefined)
    </div>
    <div
      className="wrapper"
    >
      SelectableItem(undefined)
    </div>
    <div
      className="wrapper"
    >
      SelectableItem(undefined)
    </div>
  </fieldset>
</div>
`;
