// Jest Snapshot v1, https://goo.gl/fbAQLP

exports[`render Top Hat with message 1`] = `
.c0 {
  font-family: 'Source Sans Pro','Helvetica Neue',Helvetica,sans-serif;
  background-color: #f5f5f5;
  display: -webkit-box;
  display: -webkit-flex;
  display: -ms-flexbox;
  display: flex;
  height: 35px;
  -webkit-box-pack: center;
  -webkit-justify-content: center;
  -ms-flex-pack: center;
  justify-content: center;
  width: 100%;
}

.c1 {
  display: -webkit-box;
  display: -webkit-flex;
  display: -ms-flexbox;
  display: flex;
  -webkit-align-items: center;
  -webkit-box-align: center;
  -ms-flex-align: center;
  align-items: center;
  color: #3c3c3c;
  font-size: 14px;
  font-weight: 700;
}

<div
  className="c0"
>
  <div
    className="c1"
  >
    Free Shipping + Free Returns
  </div>
</div>
`;

exports[`render nothing when no message is present 1`] = `null`;
