// Jest Snapshot v1, https://goo.gl/fbAQLP

exports[`basic snapshot 1`] = `
<div
  className={undefined}
>
  <label
    htmlFor="Checkbox_1"
  >
    <input
      checked={false}
      disabled={false}
      id="Checkbox_1"
      onChange={[Function]}
      type="checkbox"
      value="true"
    />
  </label>
</div>
`;
