// Jest Snapshot v1, https://goo.gl/fbAQLP

exports[`basic snapshot 1`] = `
<div>
  AccordionFormList({"addNewItemButtonText":"Add a new address","components":"[Object]","deleteItemButtonText":"Delete address","entryFormSubmitButtonText":"Save Changes","itemAddFormProps":"[Object]","items":"[Object]"})
</div>
`;
