// Jest Snapshot v1, https://goo.gl/fbAQLP

exports[`basic snapshot with props 1`] = `
.c0 {
  border: 1px solid #e6e6e6;
  max-width: 360px;
  overflow: hidden;
}

.c1 {
  max-height: 420px;
  overflow-x: hidden;
  overflow-y: auto;
  padding-left: 10px;
  padding-right: 10px;
}

.c2 {
  border-top: 1px solid #e6e6e6;
  box-shadow: none;
  padding: 0 1rem 1rem;
  position: relative;
}

.c2 span {
  color: #b3b3b3;
  display: block;
  font-family: 'Source Sans Pro','Helvetica Neue',Helvetica,sans-serif;
  font-size: 14px;
  font-weight: normal;
  font-style: normal;
  font-stretch: normal;
  line-height: 1.25;
  -webkit-letter-spacing: 0.3px;
  -moz-letter-spacing: 0.3px;
  -ms-letter-spacing: 0.3px;
  letter-spacing: 0.3px;
  margin: 0.5rem 0 0;
  text-align: center;
}

<div
  className="c0"
>
  <div
    className="c1"
  >
    CartItems(undefined)
  </div>
  <div
    className="c2"
  >
    MiniCartSummary(undefined)
    Button(undefined)
    <span>
      Shipping and tax calculated in checkout
    </span>
  </div>
</div>
`;
