// Jest Snapshot v1, https://goo.gl/fbAQLP

exports[`basic snapshot with all props 1`] = `
.c0 {
  margin-top: 40px;
}

<div
  className={undefined}
>
  InlineAlert(undefined)
  <div
    className="c0"
  >
    <div
      className={null}
      style={Object {}}
    >
      SelectableList(undefined)
    </div>
  </div>
</div>
`;

exports[`basic snapshot with only required props 1`] = `
.c0 {
  margin-top: 40px;
}

<div
  className={undefined}
>
  InlineAlert(undefined)
  <div
    className="c0"
  >
    <div
      className={null}
      style={Object {}}
    >
      SelectableList(undefined)
    </div>
  </div>
</div>
`;
