// Jest Snapshot v1, https://goo.gl/fbAQLP

exports[`basic snapshot with empty props 1`] = `
.c3 {
  font-family: 'Source Sans Pro','Helvetica Neue',Helvetica,sans-serif;
  color: #3c3c3c;
  font-size: 14px;
  -webkit-letter-spacing: 0.3px;
  -moz-letter-spacing: 0.3px;
  -ms-letter-spacing: 0.3px;
  letter-spacing: 0.3px;
  cursor: pointer;
  display: -webkit-box;
  display: -webkit-flex;
  display: -ms-flexbox;
  display: flex;
  -webkit-align-items: center;
  -webkit-box-align: center;
  -ms-flex-align: center;
  align-items: center;
}

.c5 {
  display: -webkit-box;
  display: -webkit-flex;
  display: -ms-flexbox;
  display: flex;
  -webkit-align-items: center;
  -webkit-box-align: center;
  -ms-flex-align: center;
  align-items: center;
  -webkit-box-pack: center;
  -webkit-justify-content: center;
  -ms-flex-pack: center;
  justify-content: center;
  -webkit-flex-shrink: 0;
  -ms-flex-negative: 0;
  flex-shrink: 0;
  background-color: #ffffff;
  border: 2px solid #3c3c3c;
  height: 20px;
  width: 20px;
  margin: 0 10px 0 0;
  border-radius: 50%;
  box-sizing: border-box;
}

.c1 {
  cursor: pointer;
  position: absolute;
  width: 1px;
  height: 1px;
  padding: 0;
  margin: -1px;
  overflow: hidden;
  -webkit-clip: rect(0,0,0,0);
  clip: rect(0,0,0,0);
  border: 0;
  visibility: visible;
  white-space: nowrap;
}

.c1:checked + .c2 .c4::before {
  content: " ";
  display: inline-block;
  position: relative;
  width: 10px;
  height: 10px;
  border-radius: 50%;
  background-color: #3c3c3c;
}

.c1:focus + .c2 .c4 {
  box-shadow: 0 0 0 2px #8ce0c9;
  outline: 1px solid transparent;
}

.c1:disabled + .c2 .c4 {
  background-color: #e6e6e6;
}

.c1:disabled + .c2 {
  opacity: .5;
}

.c1:disabled + .c2:hover {
  cursor: not-allowed;
}

.c0 {
  display: -webkit-box;
  display: -webkit-flex;
  display: -ms-flexbox;
  display: flex;
  -webkit-box-pack: justify;
  -webkit-justify-content: space-between;
  -ms-flex-pack: justify;
  justify-content: space-between;
  height: 50px;
}

@media (max-width:768px) {
  .c0 {
    height: 60px;
  }
}

<div>
  <div
    className="c0"
  >
    <input
      checked={false}
      className="c1"
      disabled={false}
      id="radio_SelectableItem_1"
      onChange={[Function]}
      type="radio"
      value={undefined}
    />
    <label
      className="c2 c3"
      htmlFor="radio_SelectableItem_1"
    >
      <span
        className="c4 c5"
      />
    </label>
  </div>
</div>
`;
