// Jest Snapshot v1, https://goo.gl/fbAQLP

exports[`basic snapshot with empty props 1`] = `
.c0 {
  display: -webkit-box;
  display: -webkit-flex;
  display: -ms-flexbox;
  display: flex;
  -webkit-box-pack: justify;
  -webkit-justify-content: space-between;
  -ms-flex-pack: justify;
  justify-content: space-between;
  height: 50px;
}

.c0 input {
  cursor: pointer;
  position: absolute;
  width: 1px;
  height: 1px;
  padding: 0;
  margin: -1px;
  overflow: hidden;
  -webkit-clip: rect(0,0,0,0);
  clip: rect(0,0,0,0);
  border: 0;
  visibility: visible;
  white-space: nowrap;
}

.c0 input:checked + label .radio::before {
  content: " ";
  display: inline-block;
  position: relative;
  width: 10px;
  height: 10px;
  border-radius: 50%;
  background-color: #3c3c3c;
}

.c0 input:focus + label .radio {
  box-shadow: 0 0 0 2px #8ce0c9;
  outline: 1px solid transparent;
}

.c0 input:disabled + label .radio {
  background-color: #e6e6e6;
}

.c0 input:disabled + label {
  opacity: .5;
}

.c0 input:disabled + label:hover {
  cursor: not-allowed;
}

.c0 label {
  font-family: 'Source Sans Pro','Helvetica Neue',Helvetica,sans-serif;
  color: #3c3c3c;
  font-size: 14px;
  -webkit-letter-spacing: 0.3px;
  -moz-letter-spacing: 0.3px;
  -ms-letter-spacing: 0.3px;
  letter-spacing: 0.3px;
  cursor: pointer;
  display: -webkit-box;
  display: -webkit-flex;
  display: -ms-flexbox;
  display: flex;
  -webkit-align-items: center;
  -webkit-box-align: center;
  -ms-flex-align: center;
  align-items: center;
}

.c0 .radio {
  display: -webkit-box;
  display: -webkit-flex;
  display: -ms-flexbox;
  display: flex;
  -webkit-align-items: center;
  -webkit-box-align: center;
  -ms-flex-align: center;
  align-items: center;
  -webkit-box-pack: center;
  -webkit-justify-content: center;
  -ms-flex-pack: center;
  justify-content: center;
  -webkit-flex-shrink: 0;
  -ms-flex-negative: 0;
  flex-shrink: 0;
  background-color: #ffffff;
  border: 2px solid #3c3c3c;
  height: 20px;
  width: 20px;
  margin: 0 10px 0 0;
  border-radius: 50%;
  box-sizing: border-box;
}

.c0 .icon {
  border-radius: 2px;
  border: 1px solid #e6e6e6;
  margin: 0 10px 0 0;
  width: 38px;
  height: 24px;
}

.c0 .icon svg {
  width: 38px;
  height: 24px;
}

.c0 .detail {
  display: -webkit-box;
  display: -webkit-flex;
  display: -ms-flexbox;
  display: flex;
  -webkit-align-items: center;
  -webkit-box-align: center;
  -ms-flex-align: center;
  align-items: center;
  -webkit-box-pack: center;
  -webkit-justify-content: center;
  -ms-flex-pack: center;
  justify-content: center;
  font-family: 'Source Sans Pro','Helvetica Neue',Helvetica,sans-serif;
  font-size: 16px;
  -webkit-letter-spacing: 0.3px;
  -moz-letter-spacing: 0.3px;
  -ms-letter-spacing: 0.3px;
  letter-spacing: 0.3px;
}

@media (max-width:768px) {
  .c0 {
    height: 60px;
  }
}

<div
  className="c0"
>
  <input
    checked={false}
    disabled={undefined}
    id={undefined}
    name={undefined}
    onChange={[Function]}
    type="radio"
  />
  <label
    htmlFor={undefined}
  >
    <span
      className="radio"
    />
    Label
  </label>
  <div
    className="detail"
  >
    Detail
  </div>
</div>
`;
