// Jest Snapshot v1, https://goo.gl/fbAQLP

exports[`Displays error warning about required props 1`] = `"Failed undefined type: The undefined \`inventoryQuantity\` is marked as required in \`<<anonymous>>\`, but its value is \`undefined\`."`;

exports[`Renders nothing when stock level is normal 1`] = `null`;

exports[`Renders stock warning when inventory is low 1`] = `
.c0 {
  color: #cd3f4c;
  font-family: 'Source Sans Pro','Helvetica Neue',Helvetica,sans-serif;
  font-size: 14px;
}

<div
  className="c0"
>
  Only 
  10
   in stock
</div>
`;
