// Jest Snapshot v1, https://goo.gl/fbAQLP

exports[`Button-9 1`] = `
<div
  style={
    Object {
      "display": "flex",
      "flexDirection": "column",
      "height": 100,
      "justifyContent": "space-around",
      "marginLeft": "auto",
      "marginRight": "auto",
      "width": 500,
    }
  }
>
  <div
    className="rui--btn rui--btn-default myBtn"
    role="button"
    style={
      Object {
        "borderStyle": "solid",
        "borderWidth": 1,
        "cursor": "pointer",
        "display": "block",
        "marginBottom": 0,
        "marginLeft": 0,
        "marginRight": 0,
        "marginTop": 0,
        "outline": "none",
        "paddingBottom": "0.5rem",
        "paddingLeft": "1.5rem",
        "paddingRight": "1.5rem",
        "paddingTop": "0.5rem",
        "textAlign": "center",
      }
    }
    tabIndex={0}
  >
    Full Width Default
  </div>
  <div
    className="rui--btn rui--btn-danger myBtn"
    role="button"
    style={
      Object {
        "borderStyle": "solid",
        "borderWidth": 1,
        "cursor": "pointer",
        "display": "block",
        "marginBottom": 0,
        "marginLeft": 0,
        "marginRight": 0,
        "marginTop": 0,
        "outline": "none",
        "paddingBottom": "0.5rem",
        "paddingLeft": "1.5rem",
        "paddingRight": "1.5rem",
        "paddingTop": "0.5rem",
        "textAlign": "center",
      }
    }
    tabIndex={0}
  >
    Full Width Danger
  </div>
</div>
`;
