// Jest Snapshot v1, https://goo.gl/fbAQLP

exports[`Button-5 1`] = `
<div
  style={
    Object {
      "display": "flex",
    }
  }
>
  <div
    style={
      Object {
        "marginRight": "1rem",
      }
    }
  >
    <div
      className="rui--btn rui--btn-important myBtn"
      role="button"
      style={
        Object {
          "borderStyle": "solid",
          "borderWidth": 1,
          "cursor": "pointer",
          "display": "inline-flex",
          "marginBottom": 0,
          "marginLeft": 0,
          "marginRight": 0,
          "marginTop": 0,
          "outline": "none",
          "paddingBottom": "0.5rem",
          "paddingLeft": "1.5rem",
          "paddingRight": "1.5rem",
          "paddingTop": "0.5rem",
          "textAlign": "center",
        }
      }
      tabIndex={0}
      title="Important"
    >
      Important
    </div>
  </div>
  <div
    style={
      Object {
        "marginRight": "1rem",
      }
    }
  >
    <div
      className="rui--btn rui--btn-important rui--btn-disabled myBtn"
      role="button"
      style={
        Object {
          "borderStyle": "solid",
          "borderWidth": 1,
          "cursor": "pointer",
          "display": "inline-flex",
          "marginBottom": 0,
          "marginLeft": 0,
          "marginRight": 0,
          "marginTop": 0,
          "outline": "none",
          "paddingBottom": "0.5rem",
          "paddingLeft": "1.5rem",
          "paddingRight": "1.5rem",
          "paddingTop": "0.5rem",
          "textAlign": "center",
        }
      }
      tabIndex={0}
      title="Important"
    >
      Important Disabled
    </div>
  </div>
</div>
`;
