// Jest Snapshot v1, https://goo.gl/fbAQLP

exports[`basic snapshot 1`] = `
.c0 {
  box-sizing: border-box;
  display: -webkit-box;
  display: -webkit-flex;
  display: -ms-flexbox;
  display: flex;
  -webkit-flex-direction: column;
  -ms-flex-direction: column;
  flex-direction: column;
  -webkit-flex-wrap: wrap;
  -ms-flex-wrap: wrap;
  flex-wrap: wrap;
  width: 100%;
}

<div
  className="c0"
>
  InPageMenuItem({"href":"/label/a","label":"Label A"})
  InPageMenuItem({"href":"/label/b","label":"Label B"})
  InPageMenuItem({"href":"/label/c","isSelected":true,"label":"Label C (Selected / Active)"})
  InPageMenuItem({"href":"/label/d","label":"Label D"})
  InPageMenuItem({"href":"/label/e","label":"Label E"})
</div>
`;
