// Jest Snapshot v1, https://goo.gl/fbAQLP

exports[`basic snapshot 1`] = `
.c6 {
  width: 1.125em;
  height: 1.125em;
}

.c4 {
  -webkit-font-smoothing: antialiased;
  -webkit-align-items: center;
  -webkit-box-align: center;
  -ms-flex-align: center;
  align-items: center;
  background-color: transparent;
  border-color: transparent;
  border-style: solid;
  border-width: 1px;
  border-radius: 2px;
  box-sizing: border-box;
  color: #3c5d6f;
  cursor: pointer;
  display: -webkit-inline-box;
  display: -webkit-inline-flex;
  display: -ms-inline-flexbox;
  display: inline-flex;
  font-family: "Source Sans Pro","Helvetica Neue",Helvetica,sans-serif;
  -webkit-box-pack: center;
  -webkit-justify-content: center;
  -ms-flex-pack: center;
  justify-content: center;
  margin: 0;
  min-width: 100px;
  outline: none;
  padding-left: 20px;
  padding-right: 20px;
  padding-top: 5px;
  padding-bottom: 5px;
  position: relative;
  text-align: center;
}

.c4:hover {
  background-color: #e9f0f4;
  border-color: #e9f0f4;
  color: #3c5d6f;
}

.c4:active {
  background-color: #c8d9e3;
  border-color: #c8d9e3;
  color: #3c5d6f;
}

.c5 {
  display: -webkit-box;
  display: -webkit-flex;
  display: -ms-flexbox;
  display: flex;
  overflow: hidden;
  padding-left: 20px;
  -webkit-transition: width 0.2s ease-out 0s,padding-left 0.2s ease-out 0s,opacity 0.2s ease-out 0.2s;
  transition: width 0.2s ease-out 0s,padding-left 0.2s ease-out 0s,opacity 0.2s ease-out 0.2s;
}

.c5 svg path,
.c5 svg rect {
  fill: #3c5d6f;
}

.c0 {
  display: -webkit-box;
  display: -webkit-flex;
  display: -ms-flexbox;
  display: flex;
  -webkit-flex-wrap: wrap;
  -ms-flex-wrap: wrap;
  flex-wrap: wrap;
  -webkit-box-pack: justify;
  -webkit-justify-content: space-between;
  -ms-flex-pack: justify;
  justify-content: space-between;
  padding: 1rem 0;
  width: 100%;
}

.c1 {
  color: #3c3c3c;
  display: -webkit-box;
  display: -webkit-flex;
  display: -ms-flexbox;
  display: flex;
  -webkit-flex: 1 0 auto;
  -ms-flex: 1 0 auto;
  flex: 1 0 auto;
  font-family: 'Source Sans Pro','Helvetica Neue',Helvetica,sans-serif;
  font-size: 14px;
  font-weight: 700;
  -webkit-box-pack: start;
  -webkit-justify-content: flex-start;
  -ms-flex-pack: start;
  justify-content: flex-start;
  -webkit-order: 1;
  -ms-flex-order: 1;
  order: 1;
}

.c2 {
  color: #595959;
  display: -webkit-box;
  display: -webkit-flex;
  display: -ms-flexbox;
  display: flex;
  -webkit-flex: 2 0 auto;
  -ms-flex: 2 0 auto;
  flex: 2 0 auto;
  font-family: 'Source Sans Pro','Helvetica Neue',Helvetica,sans-serif;
  font-size: 14px;
  -webkit-box-pack: start;
  -webkit-justify-content: flex-start;
  -ms-flex-pack: start;
  justify-content: flex-start;
  -webkit-order: 2;
  -ms-flex-order: 2;
  order: 2;
}

.c3 {
  display: -webkit-box;
  display: -webkit-flex;
  display: -ms-flexbox;
  display: flex;
  -webkit-flex: 1 0 auto;
  -ms-flex: 1 0 auto;
  flex: 1 0 auto;
  font-family: 'Source Sans Pro','Helvetica Neue',Helvetica,sans-serif;
  font-size: 14px;
  -webkit-box-pack: end;
  -webkit-justify-content: flex-end;
  -ms-flex-pack: end;
  justify-content: flex-end;
  -webkit-order: 3;
  -ms-flex-order: 3;
  order: 3;
}

@media (max-width:959px) {
  .c1 {
    -webkit-flex: 0 0 50%;
    -ms-flex: 0 0 50%;
    flex: 0 0 50%;
    margin-bottom: 0.625rem;
  }
}

@media (max-width:959px) {
  .c2 {
    -webkit-flex: 0 0 100%;
    -ms-flex: 0 0 100%;
    flex: 0 0 100%;
    -webkit-order: 3;
    -ms-flex-order: 3;
    order: 3;
  }
}

@media (max-width:959px) {
  .c3 {
    -webkit-flex: 0 0 50%;
    -ms-flex: 0 0 50%;
    flex: 0 0 50%;
    margin-bottom: 0.625rem;
    -webkit-order: 2;
    -ms-flex-order: 2;
    order: 2;
  }
}

<div
  className="c0"
>
  <div
    className="c1"
  >
    Shipping address
  </div>
  <div
    className="c2"
  >
    &lt;div&gt;&lt;p&gt;123 Main Street&lt;/p&gt;&lt;p&gt;Anytown, USA 01776&lt;/p&gt;&lt;/div&gt;
  </div>
  <div
    className="c3"
  >
    <div
      className="c4"
      onClick={[Function]}
      onKeyPress={[Function]}
      role="button"
      tabIndex={0}
      title={undefined}
    >
      <div>
        Change
      </div>
      <div
        className="c5"
        style={
          Object {
            "opacity": 0,
            "paddingLeft": 0,
            "width": 0,
          }
        }
      >
        <svg
          className="c6"
          height="40px"
          style={
            Object {
              "enableBackground": "new 0 0 50 50",
            }
          }
          version="1.1"
          viewBox="0 0 50 50"
          width="40px"
          x="0px"
          y="0px"
        >
          <path
            d="M43.935,25.145c0-10.318-8.364-18.683-18.683-18.683c-10.318,0-18.683,8.365-18.683,18.683h4.068c0-8.071,6.543-14.615,14.615-14.615c8.072,0,14.615,6.543,14.615,14.615H43.935z"
            fill="#000"
          >
            <animateTransform
              attributeName="transform"
              attributeType="xml"
              dur="1s"
              from="0 25 25"
              repeatCount="indefinite"
              to="360 25 25"
              type="rotate"
            />
          </path>
        </svg>
      </div>
    </div>
  </div>
</div>
`;
